<html>
<body>
<pre>
<h1>µVision Build Log</h1>
<h2>Tool Versions:</h2>
IDE-Version: ¦ÌVision V5.37.0.0
Copyright (C) 2022 ARM Ltd and ARM Germany GmbH. All rights reserved.
License Information: 1 1, 1, LIC=9WSKC-7BYTN-UHH8H-WRJ7R-0YQSR-PDVX9
 
Tool Versions:
Toolchain:       MDK-ARM Plus  Version: 5.37.0.0
Toolchain Path:  E:\Keil_v5\ARM\ARMCLANG\Bin
C Compiler:      ArmClang.exe V6.18
Assembler:       Armasm.exe V6.18
Linker/Locator:  ArmLink.exe V6.18
Library Manager: ArmAr.exe V6.18
Hex Converter:   FromElf.exe V6.18
CPU DLL:         SARMCM3.DLL V5.37.0.0
Dialog DLL:      DCM.DLL V1.17.5.0
Target DLL:      STLink\ST-LINKIII-KEIL_SWO.dll V3.0.9.0
Dialog DLL:      TCM.DLL V1.56.1.0
 
<h2>Project:</h2>
e:\Project\Git\songyaoxiaoche\songyaoxiaoche\MDK-ARM\songyaoxiaoche.uvprojx
Project File Date:  02/03/2023

<h2>Output:</h2>
*** Using Compiler 'V6.18', folder: 'E:\Keil_v5\ARM\ARMCLANG\Bin'
Build target 'songyaoxiaoche'
compiling main.c...
compiling stm32f1xx_hal_rcc_ex.c...
assembling startup_stm32f103xe.s...
compiling stm32f1xx_hal_msp.c...
compiling stm32f1xx_hal_gpio_ex.c...
compiling stm32f1xx_hal_pwr.c...
compiling gpio.c...
compiling stm32f1xx_hal_cortex.c...
compiling usart.c...
compiling stm32f1xx_it.c...
compiling i2c.c...
compiling adc.c...
compiling tim.c...
compiling stm32f1xx_hal_gpio.c...
compiling stm32f1xx_hal.c...
compiling stm32f1xx_hal_dma.c...
compiling stm32f1xx_hal_rcc.c...
compiling stm32f1xx_hal_adc_ex.c...
compiling stm32f1xx_hal_flash.c...
compiling stm32f1xx_hal_exti.c...
compiling stm32f1xx_hal_adc.c...
compiling stm32f1xx_hal_flash_ex.c...
compiling system_stm32f1xx.c...
compiling uart.c...
../user/OLED_0.96/oled.c(2): warning: In file included from...
../user/OLED_0.96/oledfont.h(115): warning: illegal character encoding in string literal [-Winvalid-source-encoding]
"<C5><CB>",0x10,0x60,0x02,0x8C,0x00,0x92,0x56,0x3A,0x12,0x7F,0x11,0x39,0x55,0x90,0x80,0x00,
 ^~~~~~~~
../user/OLED_0.96/oledfont.h(119): warning: illegal character encoding in string literal [-Winvalid-source-encoding]
"<B5><C2>",0x10,0x88,0xC4,0x33,0x04,0xF4,0x94,0x94,0xF4,0x9F,0xF4,0x94,0x94,0xF4,0x04,0x00,
 ^~~~~~~~
../user/OLED_0.96/oledfont.h(123): warning: illegal character encoding in string literal [-Winvalid-source-encoding]
"<B7><BD>",0x08,0x08,0x08,0x08,0x08,0xF8,0x89,0x8E,0x88,0x88,0x88,0x88,0x08,0x08,0x08,0x00,
 ^~~~~~~~
3 warnings generated.
compiling oled.c...
compiling stm32f1xx_hal_tim_ex.c...
compiling stm32f1xx_hal_uart.c...
compiling stm32f1xx_hal_tim.c...
compiling stm32f1xx_hal_i2c.c...
linking...
Program Size: Code=10276 RO-data=1900 RW-data=16 ZI-data=1512  
FromELF: creating hex file...
"songyaoxiaoche\songyaoxiaoche.axf" - 0 Error(s), 3 Warning(s).

<h2>Software Packages used:</h2>

Package Vendor: ARM
                http://www.keil.com/pack/ARM.CMSIS.5.9.0.pack
                ARM.CMSIS.5.9.0
                CMSIS (Common Microcontroller Software Interface Standard)
   * Component: CORE Version: 5.6.0

Package Vendor: Keil
                http://www.keil.com/pack/Keil.STM32F1xx_DFP.2.1.0.pack
                Keil.STM32F1xx_DFP.2.1.0
                STMicroelectronics STM32F1 Series Device Support, Drivers and Examples

<h2>Collection of Component include folders:</h2>
  ./RTE/_songyaoxiaoche
  E:/Keil_pack/ARM/CMSIS/5.9.0/CMSIS/Core/Include
  E:/Keil_pack/Keil/STM32F1xx_DFP/2.1.0/Device/Include

<h2>Collection of Component Files used:</h2>

   * Component: ARM::CMSIS:CORE:5.6.0
      Include file:  CMSIS/Core/Include/tz_context.h
Build Time Elapsed:  00:00:05
</pre>
</body>
</html>
